// Vitest Snapshot v1, https://vitest.dev/guide/snapshot.html

exports[`knowledgeGraphLayout — determinism > pins the EGO layout to a data snapshot (coordinates, not pixels) 1`] = `
{
  "centerId": "c",
  "edges": [
    {
      "id": "e-manual",
      "kind": "manual",
      "x1": 12.09,
      "x2": 158.16,
      "y1": -3.93,
      "y2": -51.39,
    },
    {
      "id": "e-second",
      "kind": "wikilink",
      "x1": 0,
      "x2": 0,
      "y1": -187.54,
      "y2": -323.9,
    },
    {
      "id": "e-sim-high",
      "kind": "similarity",
      "x1": 7.47,
      "x2": 97.74,
      "y1": 10.28,
      "y2": 134.54,
    },
    {
      "id": "e-sim-low",
      "kind": "similarity",
      "x1": -98.92,
      "x2": -8.65,
      "y1": 136.16,
      "y2": 11.9,
    },
    {
      "id": "e-wiki",
      "kind": "wikilink",
      "x1": 0,
      "x2": 0,
      "y1": -12.71,
      "y2": -165.06,
    },
    {
      "id": "ghost:c:polityka-zwrotow",
      "kind": "ghost",
      "x1": -12.09,
      "x2": -160.06,
      "y1": -3.93,
      "y2": -52.01,
    },
  ],
  "fit": {
    "height": 610.55,
    "width": 814.07,
    "x": -406.04,
    "y": -394.01,
  },
  "mode": "ego",
  "nodes": [
    {
      "degree": 5,
      "id": "c",
      "r": 12.71,
      "ring": 0,
      "x": 0,
      "y": 0,
    },
    {
      "degree": 2,
      "id": "w",
      "r": 10.24,
      "ring": 1,
      "x": 0,
      "y": -177.3,
    },
    {
      "degree": 1,
      "id": "m",
      "r": 9,
      "ring": 1,
      "x": 168.62,
      "y": -54.79,
    },
    {
      "degree": 1,
      "id": "ghost:polityka-zwrotow",
      "r": 7,
      "ring": 1,
      "x": -168.62,
      "y": -54.79,
    },
    {
      "degree": 1,
      "id": "s1",
      "r": 9,
      "ring": 1,
      "x": 104.21,
      "y": 143.44,
    },
    {
      "degree": 1,
      "id": "s2",
      "r": 9,
      "ring": 1,
      "x": -104.21,
      "y": 143.44,
    },
    {
      "degree": 1,
      "id": "d2",
      "r": 9,
      "ring": 2,
      "x": 0,
      "y": -334.9,
    },
  ],
  "overflow": 0,
}
`;

exports[`knowledgeGraphLayout — determinism > pins the OVERVIEW layout to a data snapshot 1`] = `
{
  "centerId": null,
  "edges": [
    {
      "id": "e1",
      "kind": "wikilink",
      "x1": -40.9,
      "x2": -20.56,
      "y1": -33.69,
      "y2": 47.79,
    },
    {
      "id": "e2",
      "kind": "wikilink",
      "x1": -44.14,
      "x2": -49.56,
      "y1": -33.33,
      "y2": 162,
    },
    {
      "id": "e3",
      "kind": "wikilink",
      "x1": -31.81,
      "x2": 164.84,
      "y1": -45.25,
      "y2": -43.98,
    },
    {
      "id": "e4",
      "kind": "wikilink",
      "x1": -52.15,
      "x2": -118.3,
      "y1": -53.96,
      "y2": -122.42,
    },
    {
      "id": "e5",
      "kind": "similarity",
      "x1": -20.44,
      "x2": -46.53,
      "y1": 71.37,
      "y2": 162.47,
    },
    {
      "id": "ghost:a:brakujacy-wpis",
      "kind": "ghost",
      "x1": -20.44,
      "x2": -25.72,
      "y1": 71.37,
      "y2": 89.83,
    },
  ],
  "fit": {
    "height": 565.37,
    "width": 753.83,
    "x": -451.98,
    "y": -190.83,
  },
  "mode": "overview",
  "nodes": [
    {
      "degree": 4,
      "id": "hub",
      "r": 12,
      "ring": 0,
      "x": -43.81,
      "y": -45.33,
    },
    {
      "degree": 3,
      "id": "a",
      "r": 11.2,
      "ring": 0,
      "x": -17.36,
      "y": 60.6,
    },
    {
      "degree": 2,
      "id": "b",
      "r": 10.24,
      "ring": 1,
      "x": -49.9,
      "y": 174.24,
    },
    {
      "degree": 1,
      "id": "d",
      "r": 9,
      "ring": 1,
      "x": -125.94,
      "y": -130.33,
    },
    {
      "degree": 1,
      "id": "g",
      "r": 9,
      "ring": 1,
      "x": 175.84,
      "y": -43.91,
    },
    {
      "degree": 0,
      "id": "i1",
      "r": 6,
      "ring": 2,
      "x": -328.97,
      "y": -36.28,
    },
    {
      "degree": 0,
      "id": "i2",
      "r": 6,
      "ring": 2,
      "x": 133.07,
      "y": 303.03,
    },
    {
      "degree": 1,
      "id": "ghost:brakujacy-wpis",
      "r": 7,
      "ring": 3,
      "x": -28.2,
      "y": 98.48,
    },
  ],
  "overflow": 0,
}
`;
